[agencyfy.webflow.io/index.html]
[backblue.gif]
[fade.gif]
[index.html]
[cdn.prod.website-files.com/67380e56dab71fc4dbd7b6c9/css/agencyfy.webflow.shared.aad44c612.css]
[agencyfy.webflow.io/about.html]
[agencyfy.webflow.io/projects.html]
[agencyfy.webflow.io/contact.html]
[agencyfy.webflow.io/pricing.html]
[cdn.prod.website-files.com/67380e56dab71fc4dbd7b6c9/673c0137dd8dc2f34e9ecaf9_img-03.webp]
[cdn.prod.website-files.com/67380e56dab71fc4dbd7b6c9/673c01370e93d989cb1d6bbb_img-02.webp]
[cdn.prod.website-files.com/67380e56dab71fc4dbd7b6c9/673c0ca66969f9e627b9541c_img-08.webp]
[cdn.prod.website-files.com/67380e56dab71fc4dbd7b6c9/673cd3b8e0ca9be2ae04ba86_img-09.webp]
[cdn.prod.website-files.com/67380e56dab71fc4dbd7b6c9/673c01375053d9bf91d43a85_img-04.webp]
[cdn.prod.website-files.com/67380e56dab71fc4dbd7b6c9/673c0ca27fabe0deaae60fe5_img-06.webp]
[cdn.prod.website-files.com/67380e56dab71fc4dbd7b6c9/673c0d5cdd8dc2f34ea91627_img-07.webp]
[cdn.prod.website-files.com/67380e56dab71fc4dbd7b6c9/673c01376969f9e627af8842_img-05.webp]
[cdn.prod.website-files.com/67380e56dab71fc4dbd7b6c9/6741e0cb9a5c2c6554d2fd6b_img-11.webp]
[agencyfy.webflow.io/project/astera.html]
[cdn.prod.website-files.com/67380e56dab71fc4dbd7b6f9/6741d3b6c89de7fa9e58f3f4_Frame 1.png]
[agencyfy.webflow.io/project/horizon.html]
[cdn.prod.website-files.com/67380e56dab71fc4dbd7b6f9/6741d3bfb2c48b0299cb569c_Frame 2.png]
[agencyfy.webflow.io/project/elevate.html]
[cdn.prod.website-files.com/67380e56dab71fc4dbd7b6f9/6741d3c7e42caea6f3d209f2_Frame 3.png]
[agencyfy.webflow.io/project/nexon.html]
[cdn.prod.website-files.com/67380e56dab71fc4dbd7b6f9/6741d3d0170796be6e664823_Frame 4.png]
[agencyfy.webflow.io/blog.html]
[agencyfy.webflow.io/checkout.html]
[agencyfy.webflow.io/template-info/style-guide.html]
[agencyfy.webflow.io/template-info/licenses.html]
[agencyfy.webflow.io/template-info/changelog.html]
[d3e54v103j8qbb.cloudfront.net/js/jquery-3.5.1.min.dc5e7f18c8038a.js]
[cdn.prod.website-files.com/67380e56dab71fc4dbd7b6c9/js/webflow.schunk.7aa800af1e149f8a.js]
[cdn.prod.website-files.com/67380e56dab71fc4dbd7b6c9/js/webflow.schunk.4e286d1a76aad9f2.js]
[agencyfy.webflow.io/index.html]
[cdn.prod.website-files.com/67380e56dab71fc4dbd7b6c9/js/webflow.dc363b28.4e7b357fc5b12151.js]
[cdn.prod.website-files.com/67380e56dab71fc4dbd7b6c9/6744d85f4f34ca8abb529f44_Serene Portrait of Young Woman.webp]
[cdn.prod.website-files.com/67380e56dab71fc4dbd7b6c9/6744d86bf32a7f3e6ce475c9_Hands with Sheer Fabric.webp]
[cdn.prod.website-files.com/67380e56dab71fc4dbd7b6c9/6744d8744037bd1d35c4df30_Ethereal Portrait with Vibrant Sweater.webp]
[cdn.prod.website-files.com/67380e56dab71fc4dbd7b6c9/6744d3900f7b51f1adb44ee3_Serene Woman with Lilac Flowers.webp]
[cdn.prod.website-files.com/67380e56dab71fc4dbd7b6c9/6744d12708f2eab06a46339a_team-img-01.webp]
[cdn.prod.website-files.com/67380e56dab71fc4dbd7b6c9/6744d127e50246f27f4611c7_team-img-03.webp]
[cdn.prod.website-files.com/67380e56dab71fc4dbd7b6c9/6744d126d488f71d9dcec813_team-img-04.webp]
[cdn.prod.website-files.com/67380e56dab71fc4dbd7b6c9/6744d1277bfde2d40857b29d_team-img-02.webp]
[agencyfy.webflow.io/about.html]
[agencyfy.webflow.io/projects.html]
[cdn.prod.website-files.com/67380e56dab71fc4dbd7b6c9/js/webflow.8eee23fa.6e90902585a2b12d.js]
[agencyfy.webflow.io/contact.html]
[cdn.prod.website-files.com/67380e56dab71fc4dbd7b6c9/js/webflow.466e7537.9099c2558bf26d01.js]
[agencyfy.webflow.io/product/starter.html]
[agencyfy.webflow.io/product/professional.html]
[agencyfy.webflow.io/pricing.html]
[agencyfy.webflow.io/product/premium.html]
[cdn.prod.website-files.com/67380e56dab71fc4dbd7b6f9/6743a38cdc7f3dd2fb186f99_Serene Portrait with Orange Bob Haircut 1.png]
[cdn.prod.website-files.com/67380e56dab71fc4dbd7b6f9/6743a3885b9a1b0555eb4886_Colorful Portrait with Flower.png]
[cdn.prod.website-files.com/67380e56dab71fc4dbd7b6f9/6743a3aa5a3d846bc212ad00_client-01.webp]
[agencyfy.webflow.io/project/astera.html]
[cdn.prod.website-files.com/67380e56dab71fc4dbd7b6f9/6743a3f053b100a6ab0c5037_Ethereal Landscape with Cosmic Reflection.png]
[cdn.prod.website-files.com/67380e56dab71fc4dbd7b6f9/6743a3f7f9d6202ddd4448c1_Serene Landscape with Radiant Pink Sun.png]
[cdn.prod.website-files.com/67380e56dab71fc4dbd7b6f9/6743a3d253d19010464d0c8e_client-02.webp]
[agencyfy.webflow.io/project/horizon.html]
[cdn.prod.website-files.com/67380e56dab71fc4dbd7b6f9/6743a429991206e0aa2993f1_Floral Headpiece Fashion Portrait.png]
[cdn.prod.website-files.com/67380e56dab71fc4dbd7b6f9/6743a42c2422d095ac8b676d_Serene Woman with Lilac Flowers.png]
[cdn.prod.website-files.com/67380e56dab71fc4dbd7b6f9/6743a40aba11c18998dbb3de_client-03.webp]
[agencyfy.webflow.io/project/elevate.html]
[cdn.prod.website-files.com/67380e56dab71fc4dbd7b6f9/6743a4488214d8417444b791_Woman in Vibrant Multicolored Coat.png]
[cdn.prod.website-files.com/67380e56dab71fc4dbd7b6f9/6743a455290d8a78c5b03b7a_Ethereal Portrait with Red Hat.png]
[cdn.prod.website-files.com/67380e56dab71fc4dbd7b6f9/6743a462ba11c18998dbf096_client-04.webp]
[agencyfy.webflow.io/project/nexon.html]
[agencyfy.webflow.io/blog-posts/redefining-the-art-of-minimalist-design.html]
[cdn.prod.website-files.com/67380e56dab71fc4dbd7b6f9/67452008d00829a1f4fb7fc1_blog-post-01.png]
[agencyfy.webflow.io/blog-posts/essential-guidelines-for-effective-adaptive-design.html]
[cdn.prod.website-files.com/67380e56dab71fc4dbd7b6f9/67451fba6c4a58bf3563ff91_blog-post-02.png]
[agencyfy.webflow.io/blog-posts/seamlessly-integrating-motion-elements-into-modern-web-design.html]
[cdn.prod.website-files.com/67380e56dab71fc4dbd7b6f9/67451f65291479367513aa77_blog-post-03.png]
[agencyfy.webflow.io/blog-posts/crafting-a-strong-and-memorable-brand-presence.html]
[cdn.prod.website-files.com/67380e56dab71fc4dbd7b6f9/67451f065f9c23ada05ab5e5_blog-post-04.png]
[cdn.prod.website-files.com/67380e56dab71fc4dbd7b6f9/67451eada582bbfbf67ae771_blog-post-05.png]
[agencyfy.webflow.io/blog-posts/exploring-the-profound-impact-of-design-identity.html]
[agencyfy.webflow.io/blog-posts/understanding-rebranding-the-right-time-and-its-purpose.html]
[cdn.prod.website-files.com/67380e56dab71fc4dbd7b6f9/67451e39817d11343fd48ffa_blog-post-06.png]
[agencyfy.webflow.io/blog.html]
[agencyfy.webflow.io/checkout.html]
[agencyfy.webflow.io/template-info/style-guide.html]
[agencyfy.webflow.io/template-info/licenses.html]
[agencyfy.webflow.io/template-info/changelog.html]
[agencyfy.webflow.io/product/starter.html]
[agencyfy.webflow.io/product/professional.html]
[agencyfy.webflow.io/product/premium.html]
[cdn.prod.website-files.com/67380e56dab71fc4dbd7b6f9/67451ecb2834c2536e40eb22_team-img-03.webp]
[agencyfy.webflow.io/blog-posts/redefining-the-art-of-minimalist-design.html]
[cdn.prod.website-files.com/67380e56dab71fc4dbd7b6f9/67451e6d9767812d4125d3c3_team-img-01.webp]
[agencyfy.webflow.io/blog-posts/essential-guidelines-for-effective-adaptive-design.html]
[cdn.prod.website-files.com/67380e56dab71fc4dbd7b6f9/67451f80d60d9c1da42eec32_team-img-04.webp]
[agencyfy.webflow.io/blog-posts/seamlessly-integrating-motion-elements-into-modern-web-design.html]
[cdn.prod.website-files.com/67380e56dab71fc4dbd7b6f9/67451f22b7a0e6d80f1483eb_team-img-02.webp]
[agencyfy.webflow.io/blog-posts/crafting-a-strong-and-memorable-brand-presence.html]
[agencyfy.webflow.io/blog-posts/exploring-the-profound-impact-of-design-identity.html]
[agencyfy.webflow.io/blog-posts/understanding-rebranding-the-right-time-and-its-purpose.html]
[cdn.prod.website-files.com/67380e56dab71fc4dbd7b6c9/css/agencyfy.webflow.shared.aad44c612.css]
[cdn.prod.website-files.com/67380e56dab71fc4dbd7b6c9/673c0ca66969f9e627b9541c_img-08.webp]
[cdn.prod.website-files.com/67380e56dab71fc4dbd7b6c9/673cd3b8e0ca9be2ae04ba86_img-09.webp]
[cdn.prod.website-files.com/67380e56dab71fc4dbd7b6c9/673c01370e93d989cb1d6bbb_img-02.webp]
[cdn.prod.website-files.com/67380e56dab71fc4dbd7b6c9/673c0137dd8dc2f34e9ecaf9_img-03.webp]
[agencyfy.webflow.io/project/astera.html]
[cdn.prod.website-files.com/67380e56dab71fc4dbd7b6f9/6741d3b6c89de7fa9e58f3f4_Frame 1.png]
[cdn.prod.website-files.com/67380e56dab71fc4dbd7b6f9/6741d3bfb2c48b0299cb569c_Frame 2.png]
[cdn.prod.website-files.com/67380e56dab71fc4dbd7b6f9/6741d3c7e42caea6f3d209f2_Frame 3.png]
[d3e54v103j8qbb.cloudfront.net/js/jquery-3.5.1.min.dc5e7f18c8038a.js]
[agencyfy.webflow.io/project/horizon.html]
[cdn.prod.website-files.com/67380e56dab71fc4dbd7b6f9/6741d3d0170796be6e664823_Frame 4.png]
[agencyfy.webflow.io/project/elevate.html]
[cdn.prod.website-files.com/67380e56dab71fc4dbd7b6c9/js/webflow.dc363b28.4e7b357fc5b12151.js]
[cdn.prod.website-files.com/67380e56dab71fc4dbd7b6c9/js/webflow.schunk.4e286d1a76aad9f2.js]
[cdn.prod.website-files.com/67380e56dab71fc4dbd7b6c9/js/webflow.schunk.7aa800af1e149f8a.js]
[cdn.prod.website-files.com/67380e56dab71fc4dbd7b6c9/6744d85f4f34ca8abb529f44_Serene Portrait of Young Woman.webp]
[agencyfy.webflow.io/project/nexon.html]
[cdn.prod.website-files.com/67380e56dab71fc4dbd7b6c9/6744d86bf32a7f3e6ce475c9_Hands with Sheer Fabric.webp]
[cdn.prod.website-files.com/67380e56dab71fc4dbd7b6c9/6744d3900f7b51f1adb44ee3_Serene Woman with Lilac Flowers.webp]
[cdn.prod.website-files.com/67380e56dab71fc4dbd7b6c9/6744d8744037bd1d35c4df30_Ethereal Portrait with Vibrant Sweater.webp]
[cdn.prod.website-files.com/67380e56dab71fc4dbd7b6c9/6744d12708f2eab06a46339a_team-img-01.webp]
[agencyfy.webflow.io/blog.html]
[cdn.prod.website-files.com/67380e56dab71fc4dbd7b6c9/6744d126d488f71d9dcec813_team-img-04.webp]
[cdn.prod.website-files.com/67380e56dab71fc4dbd7b6c9/6744d127e50246f27f4611c7_team-img-03.webp]
[cdn.prod.website-files.com/67380e56dab71fc4dbd7b6c9/js/webflow.8eee23fa.6e90902585a2b12d.js]
[agencyfy.webflow.io/product/starter.html]
[cdn.prod.website-files.com/67380e56dab71fc4dbd7b6c9/6744d1277bfde2d40857b29d_team-img-02.webp]
[agencyfy.webflow.io/blog-posts/redefining-the-art-of-minimalist-design.html]
[cdn.prod.website-files.com/67380e56dab71fc4dbd7b6f9/6743a38cdc7f3dd2fb186f99_Serene Portrait with Orange Bob Haircut 1.png]
[cdn.prod.website-files.com/67380e56dab71fc4dbd7b6f9/6743a3aa5a3d846bc212ad00_client-01.webp]
[cdn.prod.website-files.com/67380e56dab71fc4dbd7b6f9/6743a3885b9a1b0555eb4886_Colorful Portrait with Flower.png]
[agencyfy.webflow.io/blog-posts/essential-guidelines-for-effective-adaptive-design.html]
[cdn.prod.website-files.com/67380e56dab71fc4dbd7b6f9/67452008d00829a1f4fb7fc1_blog-post-01.png]
[agencyfy.webflow.io/blog-posts/seamlessly-integrating-motion-elements-into-modern-web-design.html]
[cdn.prod.website-files.com/67380e56dab71fc4dbd7b6f9/67451fba6c4a58bf3563ff91_blog-post-02.png]
[cdn.prod.website-files.com/67380e56dab71fc4dbd7b6f9/67451f65291479367513aa77_blog-post-03.png]
[agencyfy.webflow.io/blog-posts/crafting-a-strong-and-memorable-brand-presence.html]
[cdn.prod.website-files.com/67380e56dab71fc4dbd7b6f9/67451f065f9c23ada05ab5e5_blog-post-04.png]
[cdn.prod.website-files.com/67380e56dab71fc4dbd7b6f9/67451eada582bbfbf67ae771_blog-post-05.png]
[cdn.prod.website-files.com/67380e56dab71fc4dbd7b6f9/67451e4cc5a8b86d76698ed9_673f964c7e667b08e49adcba_67282715cc8ff7a4d049f550_672826f0c84018d92c778e9e_Collaborative%252520Work%252520Session%252520in%25252]
[agencyfy.webflow.io/blog-posts/exploring-the-profound-impact-of-design-identity.html]
[agencyfy.webflow.io/blog-posts/understanding-rebranding-the-right-time-and-its-purpose.html]
[cdn.prod.website-files.com/67380e56dab71fc4dbd7b6f9/67451ecb2834c2536e40eb22_team-img-03.webp]
[cdn.prod.website-files.com/67380e56dab71fc4dbd7b6f9/67451e39817d11343fd48ffa_blog-post-06.png]
[cdn.prod.website-files.com/67380e56dab71fc4dbd7b6f9/67451e6d9767812d4125d3c3_team-img-01.webp]
[cdn.prod.website-files.com/67380e56dab71fc4dbd7b6f9/67451f80d60d9c1da42eec32_team-img-04.webp]
[cdn.prod.website-files.com/67380e56dab71fc4dbd7b6f9/67451f22b7a0e6d80f1483eb_team-img-02.webp]
